// Jest Snapshot v1, https://goo.gl/fbAQLP

exports[`test Claim renderer default 1`] = `
<div>
  Sider UI
</div>
`;
