// Jest Snapshot v1, https://goo.gl/fbAQLP

exports[`test configrable tables  if data unvalidate 1`] = `null`;
